Component: ARM Compiler 5.06 update 6 (build 750) Tool: armlink [4d35ed]

==============================================================================

Section Cross References

    main.o(i.initialize) refers to slcd.o(i.slcd_Initialize) for slcd_Initialize
    main.o(i.initialize) refers to leds.o(i.leds_Initialize) for leds_Initialize
    main.o(i.initialize) refers to onewire.o(i.ow_Initialize) for ow_Initialize
    main.o(i.initialize) refers to delay.o(i.delay_initialize) for delay_initialize
    main.o(i.initialize) refers to buttons.o(i.buttons_Initialize) for buttons_Initialize
    main.o(i.initialize) refers to ds18b20.o(i.ds_Initialize) for ds_Initialize
    main.o(i.initialize) refers to uart.o(i.uart_Initialize) for uart_Initialize
    main.o(i.main) refers to main.o(i.initialize) for initialize
    main.o(i.main) refers to uart.o(i.uart_DS) for uart_DS
    main.o(i.main) refers to ds18b20.o(i.ds_SetResMatch) for ds_SetResMatch
    main.o(i.main) refers to buttons.o(i.buttons_ReturnActiveDevice) for buttons_ReturnActiveDevice
    main.o(i.main) refers to leds.o(i.leds_ActiveDevice) for leds_ActiveDevice
    main.o(i.main) refers to ds18b20.o(i.ds_RequestTempMatch) for ds_RequestTempMatch
    main.o(i.main) refers to ds18b20.o(i.ds_ReadTempMatch) for ds_ReadTempMatch
    main.o(i.main) refers to slcd.o(i.slcd_DS18B20) for slcd_DS18B20
    leds.o(i.leds_ActiveDevice) refers to leds.o(.constdata) for led_mask
    leds.o(i.leds_Initialize) refers to leds.o(.constdata) for led_mask
    slcd.o(i.slcd_Clear) refers to slcd.o(.constdata) for LCD_Front_Pin
    slcd.o(i.slcd_Colon) refers to slcd.o(.constdata) for LCD_Front_Pin
    slcd.o(i.slcd_DS18B20) refers to slcd.o(i.slcd_Set) for slcd_Set
    slcd.o(i.slcd_DS18B20) refers to aeabi_sdiv.o(.text) for __aeabi_idivmod
    slcd.o(i.slcd_DS18B20) refers to slcd.o(i.slcd_Dots) for slcd_Dots
    slcd.o(i.slcd_Display) refers to aeabi_sdiv.o(.text) for __aeabi_idivmod
    slcd.o(i.slcd_Display) refers to slcd.o(i.slcd_Set) for slcd_Set
    slcd.o(i.slcd_Dots) refers to slcd.o(.constdata) for LCD_Front_Pin
    slcd.o(i.slcd_Err) refers to slcd.o(i.__ARM_common_switch8) for __ARM_common_switch8
    slcd.o(i.slcd_Err) refers to slcd.o(.constdata) for LCD_Front_Pin
    slcd.o(i.slcd_Set) refers to slcd.o(i.__ARM_common_switch8) for __ARM_common_switch8
    slcd.o(i.slcd_Set) refers to slcd.o(i.slcd_Err) for slcd_Err
    slcd.o(i.slcd_Set) refers to slcd.o(.constdata) for LCD_Front_Pin
    buttons.o(i.PORTC_PORTD_IRQHandler) refers to buttons.o(i.buttons_Service) for buttons_Service
    buttons.o(i.buttons_Initialize) refers to buttons.o(i.__NVIC_SetPriority) for __NVIC_SetPriority
    buttons.o(i.buttons_Initialize) refers to buttons.o(.data) for active_index
    buttons.o(i.buttons_ReturnActiveDevice) refers to buttons.o(.data) for active_index
    buttons.o(i.buttons_Service) refers to buttons.o(.data) for active_index
    onewire.o(i.ow_AllSearch) refers to onewire.o(i.ow_ResetSearch) for ow_ResetSearch
    onewire.o(i.ow_AllSearch) refers to onewire.o(i.ow_Search) for ow_Search
    onewire.o(i.ow_MatchROM) refers to onewire.o(i.ow_WriteByte) for ow_WriteByte
    onewire.o(i.ow_ReadBit) refers to onewire.o(i.ow_output) for ow_output
    onewire.o(i.ow_ReadBit) refers to onewire.o(i.ow_low) for ow_low
    onewire.o(i.ow_ReadBit) refers to delay.o(i.delay_us) for delay_us
    onewire.o(i.ow_ReadBit) refers to onewire.o(i.ow_input) for ow_input
    onewire.o(i.ow_ReadBit) refers to onewire.o(i.ow_readPIN) for ow_readPIN
    onewire.o(i.ow_ReadByte) refers to onewire.o(i.ow_ReadBit) for ow_ReadBit
    onewire.o(i.ow_ReadROM) refers to onewire.o(i.ow_Reset) for ow_Reset
    onewire.o(i.ow_ReadROM) refers to onewire.o(i.ow_WriteByte) for ow_WriteByte
    onewire.o(i.ow_ReadROM) refers to onewire.o(i.ow_ReadByte) for ow_ReadByte
    onewire.o(i.ow_Reset) refers to onewire.o(i.ow_low) for ow_low
    onewire.o(i.ow_Reset) refers to onewire.o(i.ow_output) for ow_output
    onewire.o(i.ow_Reset) refers to delay.o(i.delay_us) for delay_us
    onewire.o(i.ow_Reset) refers to onewire.o(i.ow_input) for ow_input
    onewire.o(i.ow_Reset) refers to onewire.o(i.ow_readPIN) for ow_readPIN
    onewire.o(i.ow_ResetSearch) refers to onewire.o(.data) for LastDiscrepancy
    onewire.o(i.ow_Search) refers to onewire.o(i.ow_Reset) for ow_Reset
    onewire.o(i.ow_Search) refers to onewire.o(i.ow_ResetSearch) for ow_ResetSearch
    onewire.o(i.ow_Search) refers to onewire.o(i.ow_WriteByte) for ow_WriteByte
    onewire.o(i.ow_Search) refers to onewire.o(i.ow_ReadBit) for ow_ReadBit
    onewire.o(i.ow_Search) refers to onewire.o(i.ow_WriteBit) for ow_WriteBit
    onewire.o(i.ow_Search) refers to onewire.o(.data) for LastDeviceFlag
    onewire.o(i.ow_WriteBit) refers to onewire.o(i.ow_low) for ow_low
    onewire.o(i.ow_WriteBit) refers to onewire.o(i.ow_output) for ow_output
    onewire.o(i.ow_WriteBit) refers to delay.o(i.delay_us) for delay_us
    onewire.o(i.ow_WriteBit) refers to onewire.o(i.ow_high) for ow_high
    onewire.o(i.ow_WriteByte) refers to onewire.o(i.ow_WriteBit) for ow_WriteBit
    ds18b20.o(i.ds_BytestoC) refers to fflti.o(.text) for __aeabi_ui2f
    ds18b20.o(i.ds_BytestoC) refers to fmul.o(x$fpl$fmul) for __aeabi_fmul
    ds18b20.o(i.ds_BytestoC) refers to ds18b20.o(.constdata) for .constdata
    ds18b20.o(i.ds_Initialize) refers to onewire.o(i.ow_AllSearch) for ow_AllSearch
    ds18b20.o(i.ds_Initialize) refers to ds18b20.o(.bss) for address
    ds18b20.o(i.ds_Initialize) refers to ds18b20.o(.data) for device_number
    ds18b20.o(i.ds_ReadTempMatch) refers to onewire.o(i.ow_Reset) for ow_Reset
    ds18b20.o(i.ds_ReadTempMatch) refers to onewire.o(i.ow_MatchROM) for ow_MatchROM
    ds18b20.o(i.ds_ReadTempMatch) refers to onewire.o(i.ow_WriteByte) for ow_WriteByte
    ds18b20.o(i.ds_ReadTempMatch) refers to onewire.o(i.ow_ReadByte) for ow_ReadByte
    ds18b20.o(i.ds_ReadTempMatch) refers to ds18b20.o(.bss) for address
    ds18b20.o(i.ds_ReadTempSkip) refers to onewire.o(i.ow_Reset) for ow_Reset
    ds18b20.o(i.ds_ReadTempSkip) refers to onewire.o(i.ow_WriteByte) for ow_WriteByte
    ds18b20.o(i.ds_ReadTempSkip) refers to onewire.o(i.ow_ReadByte) for ow_ReadByte
    ds18b20.o(i.ds_RequestTempMatch) refers to onewire.o(i.ow_Reset) for ow_Reset
    ds18b20.o(i.ds_RequestTempMatch) refers to onewire.o(i.ow_MatchROM) for ow_MatchROM
    ds18b20.o(i.ds_RequestTempMatch) refers to onewire.o(i.ow_WriteByte) for ow_WriteByte
    ds18b20.o(i.ds_RequestTempMatch) refers to ds18b20.o(i.ds_GetConvTime) for ds_GetConvTime
    ds18b20.o(i.ds_RequestTempMatch) refers to delay.o(i.delay_ms) for delay_ms
    ds18b20.o(i.ds_RequestTempMatch) refers to ds18b20.o(.bss) for address
    ds18b20.o(i.ds_RequestTempSkip) refers to onewire.o(i.ow_Reset) for ow_Reset
    ds18b20.o(i.ds_RequestTempSkip) refers to onewire.o(i.ow_WriteByte) for ow_WriteByte
    ds18b20.o(i.ds_RequestTempSkip) refers to ds18b20.o(i.ds_GetConvTime) for ds_GetConvTime
    ds18b20.o(i.ds_RequestTempSkip) refers to delay.o(i.delay_ms) for delay_ms
    ds18b20.o(i.ds_RequestTempSkip) refers to ds18b20.o(.data) for resolution_skip
    ds18b20.o(i.ds_ReturnCellAddress) refers to ds18b20.o(.bss) for address
    ds18b20.o(i.ds_ReturnDeviceNumber) refers to ds18b20.o(.data) for device_number
    ds18b20.o(i.ds_SetResMatch) refers to onewire.o(i.ow_Reset) for ow_Reset
    ds18b20.o(i.ds_SetResMatch) refers to onewire.o(i.ow_MatchROM) for ow_MatchROM
    ds18b20.o(i.ds_SetResMatch) refers to onewire.o(i.ow_WriteByte) for ow_WriteByte
    ds18b20.o(i.ds_SetResMatch) refers to ds18b20.o(.bss) for resolution
    ds18b20.o(i.ds_SetResSkip) refers to onewire.o(i.ow_Reset) for ow_Reset
    ds18b20.o(i.ds_SetResSkip) refers to onewire.o(i.ow_WriteByte) for ow_WriteByte
    ds18b20.o(i.ds_SetResSkip) refers to ds18b20.o(.data) for resolution_skip
    delay.o(i.SysTick_Handler) refers to delay.o(.data) for TimingDelay
    delay.o(i.delay_initialize) refers to delay.o(i.__NVIC_SetPriority) for __NVIC_SetPriority
    delay.o(i.delay_ms) refers to delay.o(.data) for TimingDelay
    delay.o(i.delay_us) refers to delay.o(.data) for TimingDelay
    uart.o(i.uart_DS) refers to ds18b20.o(i.ds_ReturnCellAddress) for ds_ReturnCellAddress
    uart.o(i.uart_DS) refers to uart.o(i.uart_Send) for uart_Send
    uart.o(i.uart_DS) refers to ds18b20.o(i.ds_ReturnDeviceNumber) for ds_ReturnDeviceNumber
    uart.o(i.uart_Send) refers to delay.o(i.delay_ms) for delay_ms
    startup_mkl46z4.o(STACK) refers (Special) to heapauxi.o(.text) for __use_two_region_memory
    startup_mkl46z4.o(HEAP) refers (Special) to heapauxi.o(.text) for __use_two_region_memory
    startup_mkl46z4.o(RESET) refers (Special) to heapauxi.o(.text) for __use_two_region_memory
    startup_mkl46z4.o(RESET) refers to startup_mkl46z4.o(STACK) for __initial_sp
    startup_mkl46z4.o(RESET) refers to startup_mkl46z4.o(.text) for Reset_Handler
    startup_mkl46z4.o(RESET) refers to delay.o(i.SysTick_Handler) for SysTick_Handler
    startup_mkl46z4.o(RESET) refers to buttons.o(i.PORTC_PORTD_IRQHandler) for PORTC_PORTD_IRQHandler
    startup_mkl46z4.o(.ARM.__at_0x400) refers (Special) to heapauxi.o(.text) for __use_two_region_memory
    startup_mkl46z4.o(.text) refers (Special) to heapauxi.o(.text) for __use_two_region_memory
    startup_mkl46z4.o(.text) refers to system_mkl46z4.o(i.SystemInit) for SystemInit
    startup_mkl46z4.o(.text) refers to __main.o(!!!main) for __main
    startup_mkl46z4.o(.text) refers to startup_mkl46z4.o(HEAP) for Heap_Mem
    startup_mkl46z4.o(.text) refers to startup_mkl46z4.o(STACK) for Stack_Mem
    system_mkl46z4.o(i.SystemCoreClockUpdate) refers to aeabi_sdiv.o(.text) for __aeabi_uidivmod
    system_mkl46z4.o(i.SystemCoreClockUpdate) refers to slcd.o(i.__ARM_common_switch8) for __ARM_common_switch8
    system_mkl46z4.o(i.SystemCoreClockUpdate) refers to system_mkl46z4.o(.data) for SystemCoreClock
    __main.o(!!!main) refers to __rtentry.o(.ARM.Collect$$rtentry$$00000000) for __rt_entry
    fflti.o(.text) refers (Special) to usenofp.o(x$fpl$usenofp) for __I$use$fp
    fmul.o(x$fpl$fmul) refers (Special) to usenofp.o(x$fpl$usenofp) for __I$use$fp
    __rtentry.o(.ARM.Collect$$rtentry$$00000000) refers (Special) to __rtentry2.o(.ARM.Collect$$rtentry$$0000000A) for __rt_entry_li
    __rtentry.o(.ARM.Collect$$rtentry$$00000000) refers (Special) to __rtentry2.o(.ARM.Collect$$rtentry$$0000000D) for __rt_entry_main
    __rtentry.o(.ARM.Collect$$rtentry$$00000000) refers (Special) to __rtentry2.o(.ARM.Collect$$rtentry$$0000000C) for __rt_entry_postli_1
    __rtentry.o(.ARM.Collect$$rtentry$$00000000) refers (Special) to __rtentry2.o(.ARM.Collect$$rtentry$$00000009) for __rt_entry_postsh_1
    __rtentry.o(.ARM.Collect$$rtentry$$00000000) refers (Special) to __rtentry2.o(.ARM.Collect$$rtentry$$00000002) for __rt_entry_presh_1
    __rtentry.o(.ARM.Collect$$rtentry$$00000000) refers (Special) to __rtentry4.o(.ARM.Collect$$rtentry$$00000004) for __rt_entry_sh
    aeabi_idiv0_sigfpe.o(.text) refers to rt_div0.o(.text) for __rt_div0
    __rtentry2.o(.ARM.Collect$$rtentry$$00000008) refers to boardinit2.o(.text) for _platform_post_stackheap_init
    __rtentry2.o(.ARM.Collect$$rtentry$$0000000A) refers to libinit.o(.ARM.Collect$$libinit$$00000000) for __rt_lib_init
    __rtentry2.o(.ARM.Collect$$rtentry$$0000000B) refers to boardinit3.o(.text) for _platform_post_lib_init
    __rtentry2.o(.ARM.Collect$$rtentry$$0000000D) refers to main.o(i.main) for main
    __rtentry2.o(.ARM.Collect$$rtentry$$0000000D) refers to exit.o(.text) for exit
    __rtentry2.o(.ARM.exidx) refers to __rtentry2.o(.ARM.Collect$$rtentry$$00000001) for .ARM.Collect$$rtentry$$00000001
    __rtentry2.o(.ARM.exidx) refers to __rtentry2.o(.ARM.Collect$$rtentry$$00000008) for .ARM.Collect$$rtentry$$00000008
    __rtentry2.o(.ARM.exidx) refers to __rtentry2.o(.ARM.Collect$$rtentry$$0000000A) for .ARM.Collect$$rtentry$$0000000A
    __rtentry2.o(.ARM.exidx) refers to __rtentry2.o(.ARM.Collect$$rtentry$$0000000B) for .ARM.Collect$$rtentry$$0000000B
    __rtentry2.o(.ARM.exidx) refers to __rtentry2.o(.ARM.Collect$$rtentry$$0000000D) for .ARM.Collect$$rtentry$$0000000D
    __rtentry4.o(.ARM.Collect$$rtentry$$00000004) refers to sys_stackheap_outer.o(.text) for __user_setup_stackheap
    __rtentry4.o(.ARM.exidx) refers to __rtentry4.o(.ARM.Collect$$rtentry$$00000004) for .ARM.Collect$$rtentry$$00000004
    rt_div0.o(.text) refers to defsig_fpe_outer.o(.text) for __rt_SIGFPE
    sys_stackheap_outer.o(.text) refers to libspace.o(.text) for __user_perproc_libspace
    sys_stackheap_outer.o(.text) refers to startup_mkl46z4.o(.text) for __user_initial_stackheap
    sys_stackheap_outer.o(__vectab_stack_and_reset_area) refers to tempstk.o(.text) for __temporary_stack_top
    sys_stackheap_outer.o(__vectab_stack_and_reset_area) refers to __main.o(!!!main) for __main
    exit.o(.text) refers to rtexit.o(.ARM.Collect$$rtexit$$00000000) for __rt_exit
    defsig_fpe_outer.o(.text) refers to defsig_fpe_inner.o(.text) for __rt_SIGFPE_inner
    defsig_fpe_outer.o(.text) refers to defsig_exit.o(.text) for __sig_exit
    defsig_fpe_formal.o(.text) refers to rt_raise.o(.text) for __rt_raise
    libinit.o(.ARM.Collect$$libinit$$00000000) refers (Special) to libinit2.o(.ARM.Collect$$libinit$$0000002E) for __rt_lib_init_alloca_1
    libinit.o(.ARM.Collect$$libinit$$00000000) refers (Special) to libinit2.o(.ARM.Collect$$libinit$$0000002C) for __rt_lib_init_argv_1
    libinit.o(.ARM.Collect$$libinit$$00000000) refers (Special) to libinit2.o(.ARM.Collect$$libinit$$0000001B) for __rt_lib_init_atexit_1
    libinit.o(.ARM.Collect$$libinit$$00000000) refers (Special) to libinit2.o(.ARM.Collect$$libinit$$00000021) for __rt_lib_init_clock_1
    libinit.o(.ARM.Collect$$libinit$$00000000) refers (Special) to libinit2.o(.ARM.Collect$$libinit$$00000032) for __rt_lib_init_cpp_1
    libinit.o(.ARM.Collect$$libinit$$00000000) refers (Special) to libinit2.o(.ARM.Collect$$libinit$$00000030) for __rt_lib_init_exceptions_1
    libinit.o(.ARM.Collect$$libinit$$00000000) refers (Special) to libinit2.o(.ARM.Collect$$libinit$$00000002) for __rt_lib_init_fp_1
    libinit.o(.ARM.Collect$$libinit$$00000000) refers (Special) to libinit2.o(.ARM.Collect$$libinit$$0000001F) for __rt_lib_init_fp_trap_1
    libinit.o(.ARM.Collect$$libinit$$00000000) refers (Special) to libinit2.o(.ARM.Collect$$libinit$$00000023) for __rt_lib_init_getenv_1
    libinit.o(.ARM.Collect$$libinit$$00000000) refers (Special) to libinit2.o(.ARM.Collect$$libinit$$0000000A) for __rt_lib_init_heap_1
    libinit.o(.ARM.Collect$$libinit$$00000000) refers (Special) to libinit2.o(.ARM.Collect$$libinit$$00000011) for __rt_lib_init_lc_collate_1
    libinit.o(.ARM.Collect$$libinit$$00000000) refers (Special) to libinit2.o(.ARM.Collect$$libinit$$00000013) for __rt_lib_init_lc_ctype_1
    libinit.o(.ARM.Collect$$libinit$$00000000) refers (Special) to libinit2.o(.ARM.Collect$$libinit$$00000015) for __rt_lib_init_lc_monetary_1
    libinit.o(.ARM.Collect$$libinit$$00000000) refers (Special) to libinit2.o(.ARM.Collect$$libinit$$00000017) for __rt_lib_init_lc_numeric_1
    libinit.o(.ARM.Collect$$libinit$$00000000) refers (Special) to libinit2.o(.ARM.Collect$$libinit$$00000019) for __rt_lib_init_lc_time_1
    libinit.o(.ARM.Collect$$libinit$$00000000) refers (Special) to libinit2.o(.ARM.Collect$$libinit$$00000004) for __rt_lib_init_preinit_1
    libinit.o(.ARM.Collect$$libinit$$00000000) refers (Special) to libinit2.o(.ARM.Collect$$libinit$$0000000E) for __rt_lib_init_rand_1
    libinit.o(.ARM.Collect$$libinit$$00000000) refers (Special) to libinit2.o(.ARM.Collect$$libinit$$00000033) for __rt_lib_init_return
    libinit.o(.ARM.Collect$$libinit$$00000000) refers (Special) to libinit2.o(.ARM.Collect$$libinit$$0000001D) for __rt_lib_init_signal_1
    libinit.o(.ARM.Collect$$libinit$$00000000) refers (Special) to libinit2.o(.ARM.Collect$$libinit$$00000025) for __rt_lib_init_stdio_1
    libinit.o(.ARM.Collect$$libinit$$00000000) refers (Special) to libinit2.o(.ARM.Collect$$libinit$$0000000C) for __rt_lib_init_user_alloc_1
    libspace.o(.text) refers to libspace.o(.bss) for __libspace_start
    rtexit.o(.ARM.Collect$$rtexit$$00000000) refers (Special) to rtexit2.o(.ARM.Collect$$rtexit$$00000004) for __rt_exit_exit
    rtexit.o(.ARM.Collect$$rtexit$$00000000) refers (Special) to rtexit2.o(.ARM.Collect$$rtexit$$00000003) for __rt_exit_ls
    rtexit.o(.ARM.Collect$$rtexit$$00000000) refers (Special) to rtexit2.o(.ARM.Collect$$rtexit$$00000002) for __rt_exit_prels_1
    rtexit.o(.ARM.exidx) refers (Special) to rtexit2.o(.ARM.Collect$$rtexit$$00000004) for __rt_exit_exit
    rtexit.o(.ARM.exidx) refers (Special) to rtexit2.o(.ARM.Collect$$rtexit$$00000003) for __rt_exit_ls
    rtexit.o(.ARM.exidx) refers (Special) to rtexit2.o(.ARM.Collect$$rtexit$$00000002) for __rt_exit_prels_1
    rtexit.o(.ARM.exidx) refers to rtexit.o(.ARM.Collect$$rtexit$$00000000) for .ARM.Collect$$rtexit$$00000000
    rt_raise.o(.text) refers to __raise.o(.text) for __raise
    rt_raise.o(.text) refers to sys_exit.o(.text) for _sys_exit
    defsig_exit.o(.text) refers to sys_exit.o(.text) for _sys_exit
    defsig_fpe_inner.o(.text) refers to defsig_general.o(.text) for __default_signal_display
    libinit2.o(.ARM.Collect$$libinit$$00000010) refers to libinit2.o(.ARM.Collect$$libinit$$0000000F) for .ARM.Collect$$libinit$$0000000F
    libinit2.o(.ARM.Collect$$libinit$$00000012) refers to libinit2.o(.ARM.Collect$$libinit$$0000000F) for .ARM.Collect$$libinit$$0000000F
    libinit2.o(.ARM.Collect$$libinit$$00000014) refers to libinit2.o(.ARM.Collect$$libinit$$0000000F) for .ARM.Collect$$libinit$$0000000F
    libinit2.o(.ARM.Collect$$libinit$$00000016) refers to libinit2.o(.ARM.Collect$$libinit$$0000000F) for .ARM.Collect$$libinit$$0000000F
    libinit2.o(.ARM.Collect$$libinit$$00000018) refers to libinit2.o(.ARM.Collect$$libinit$$0000000F) for .ARM.Collect$$libinit$$0000000F
    libinit2.o(.ARM.Collect$$libinit$$00000026) refers to argv_veneer.o(.text) for __ARM_argv_veneer
    libinit2.o(.ARM.Collect$$libinit$$00000027) refers to argv_veneer.o(.text) for __ARM_argv_veneer
    sys_exit.o(.text) refers (Special) to use_no_semi.o(.text) for __I$use$semihosting
    sys_exit.o(.text) refers (Special) to indicate_semi.o(.text) for __semihosting_library_function
    rtexit2.o(.ARM.Collect$$rtexit$$00000003) refers to libshutdown.o(.ARM.Collect$$libshutdown$$00000000) for __rt_lib_shutdown
    rtexit2.o(.ARM.Collect$$rtexit$$00000004) refers to sys_exit.o(.text) for _sys_exit
    rtexit2.o(.ARM.exidx) refers to rtexit2.o(.ARM.Collect$$rtexit$$00000001) for .ARM.Collect$$rtexit$$00000001
    rtexit2.o(.ARM.exidx) refers to rtexit2.o(.ARM.Collect$$rtexit$$00000003) for .ARM.Collect$$rtexit$$00000003
    rtexit2.o(.ARM.exidx) refers to rtexit2.o(.ARM.Collect$$rtexit$$00000004) for .ARM.Collect$$rtexit$$00000004
    __raise.o(.text) refers to defsig.o(CL$$defsig) for __default_signal_handler
    defsig_general.o(.text) refers to sys_wrch.o(.text) for _ttywrch
    sys_wrch.o(.text) refers (Special) to use_no_semi.o(.text) for __I$use$semihosting
    sys_wrch.o(.text) refers (Special) to indicate_semi.o(.text) for __semihosting_library_function
    defsig.o(CL$$defsig) refers to defsig_fpe_inner.o(.text) for __rt_SIGFPE_inner
    defsig.o(CL$$defsig) refers to defsig_rtmem_inner.o(.text) for __rt_SIGRTMEM_inner
    _get_argv_nomalloc.o(.text) refers (Special) to hrguard.o(.text) for __heap_region$guard
    _get_argv_nomalloc.o(.text) refers to defsig_rtmem_outer.o(.text) for __rt_SIGRTMEM
    _get_argv_nomalloc.o(.text) refers to sys_command.o(.text) for _sys_command_string
    libshutdown.o(.ARM.Collect$$libshutdown$$00000000) refers (Special) to libshutdown2.o(.ARM.Collect$$libshutdown$$00000002) for __rt_lib_shutdown_cpp_1
    libshutdown.o(.ARM.Collect$$libshutdown$$00000000) refers (Special) to libshutdown2.o(.ARM.Collect$$libshutdown$$00000007) for __rt_lib_shutdown_fp_trap_1
    libshutdown.o(.ARM.Collect$$libshutdown$$00000000) refers (Special) to libshutdown2.o(.ARM.Collect$$libshutdown$$0000000F) for __rt_lib_shutdown_heap_1
    libshutdown.o(.ARM.Collect$$libshutdown$$00000000) refers (Special) to libshutdown2.o(.ARM.Collect$$libshutdown$$00000010) for __rt_lib_shutdown_return
    libshutdown.o(.ARM.Collect$$libshutdown$$00000000) refers (Special) to libshutdown2.o(.ARM.Collect$$libshutdown$$0000000A) for __rt_lib_shutdown_signal_1
    libshutdown.o(.ARM.Collect$$libshutdown$$00000000) refers (Special) to libshutdown2.o(.ARM.Collect$$libshutdown$$00000004) for __rt_lib_shutdown_stdio_1
    libshutdown.o(.ARM.Collect$$libshutdown$$00000000) refers (Special) to libshutdown2.o(.ARM.Collect$$libshutdown$$0000000C) for __rt_lib_shutdown_user_alloc_1
    sys_command.o(.text) refers (Special) to use_no_semi.o(.text) for __I$use$semihosting
    sys_command.o(.text) refers (Special) to indicate_semi.o(.text) for __semihosting_library_function
    defsig_abrt_inner.o(.text) refers to defsig_general.o(.text) for __default_signal_display
    defsig_rtred_inner.o(.text) refers to defsig_general.o(.text) for __default_signal_display
    defsig_rtmem_inner.o(.text) refers to defsig_general.o(.text) for __default_signal_display
    defsig_rtmem_outer.o(.text) refers to defsig_rtmem_inner.o(.text) for __rt_SIGRTMEM_inner
    defsig_rtmem_outer.o(.text) refers to defsig_exit.o(.text) for __sig_exit
    defsig_rtmem_formal.o(.text) refers to rt_raise.o(.text) for __rt_raise
    defsig_stak_inner.o(.text) refers to defsig_general.o(.text) for __default_signal_display
    defsig_pvfn_inner.o(.text) refers to defsig_general.o(.text) for __default_signal_display
    defsig_cppl_inner.o(.text) refers to defsig_general.o(.text) for __default_signal_display
    defsig_segv_inner.o(.text) refers to defsig_general.o(.text) for __default_signal_display
    defsig_other.o(.text) refers to defsig_general.o(.text) for __default_signal_display


==============================================================================

Removing Unused input sections from the image.

    Removing main.o(.rev16_text), (4 bytes).
    Removing main.o(.revsh_text), (4 bytes).
    Removing main.o(.constdata), (24 bytes).
    Removing leds.o(.rev16_text), (4 bytes).
    Removing leds.o(.revsh_text), (4 bytes).
    Removing slcd.o(.rev16_text), (4 bytes).
    Removing slcd.o(.revsh_text), (4 bytes).
    Removing slcd.o(i.slcd_Clear), (36 bytes).
    Removing slcd.o(i.slcd_Colon), (32 bytes).
    Removing slcd.o(i.slcd_Display), (146 bytes).
    Removing buttons.o(.rev16_text), (4 bytes).
    Removing buttons.o(.revsh_text), (4 bytes).
    Removing buttons.o(.constdata), (16 bytes).
    Removing onewire.o(.rev16_text), (4 bytes).
    Removing onewire.o(.revsh_text), (4 bytes).
    Removing onewire.o(i.ow_ReadROM), (38 bytes).
    Removing ds18b20.o(.rev16_text), (4 bytes).
    Removing ds18b20.o(.revsh_text), (4 bytes).
    Removing ds18b20.o(i.ds_BytestoC), (56 bytes).
    Removing ds18b20.o(i.ds_ReadTempSkip), (52 bytes).
    Removing ds18b20.o(i.ds_RequestTempSkip), (48 bytes).
    Removing ds18b20.o(i.ds_SetResSkip), (72 bytes).
    Removing ds18b20.o(.constdata), (16 bytes).
    Removing delay.o(.rev16_text), (4 bytes).
    Removing delay.o(.revsh_text), (4 bytes).
    Removing uart.o(.rev16_text), (4 bytes).
    Removing uart.o(.revsh_text), (4 bytes).
    Removing system_mkl46z4.o(.rev16_text), (4 bytes).
    Removing system_mkl46z4.o(.revsh_text), (4 bytes).
    Removing system_mkl46z4.o(i.SystemCoreClockUpdate), (348 bytes).
    Removing system_mkl46z4.o(.data), (4 bytes).

31 unused section(s) (total 960 bytes) removed from the image.

==============================================================================

Image Symbol Table

    Local Symbols

    Symbol Name                              Value     Ov Type        Size  Object(Section)

    RESET                                    0x00000000   Section      192  startup_mkl46z4.o(RESET)
    ../clib/angel/boardlib.s                 0x00000000   Number         0  boardinit2.o ABSOLUTE
    ../clib/angel/boardlib.s                 0x00000000   Number         0  boardshut.o ABSOLUTE
    ../clib/angel/boardlib.s                 0x00000000   Number         0  boardinit3.o ABSOLUTE
    ../clib/angel/boardlib.s                 0x00000000   Number         0  boardinit1.o ABSOLUTE
    ../clib/angel/handlers.s                 0x00000000   Number         0  __scatter_copy.o ABSOLUTE
    ../clib/angel/handlers.s                 0x00000000   Number         0  __scatter_zi.o ABSOLUTE
    ../clib/angel/kernel.s                   0x00000000   Number         0  rtexit2.o ABSOLUTE
    ../clib/angel/kernel.s                   0x00000000   Number         0  __rtentry2.o ABSOLUTE
    ../clib/angel/kernel.s                   0x00000000   Number         0  rtexit.o ABSOLUTE
    ../clib/angel/kernel.s                   0x00000000   Number         0  __rtentry.o ABSOLUTE
    ../clib/angel/kernel.s                   0x00000000   Number         0  __rtentry4.o ABSOLUTE
    ../clib/angel/rt.s                       0x00000000   Number         0  aeabi_idiv0.o ABSOLUTE
    ../clib/angel/rt.s                       0x00000000   Number         0  aeabi_idiv0_sigfpe.o ABSOLUTE
    ../clib/angel/rt.s                       0x00000000   Number         0  rt_raise.o ABSOLUTE
    ../clib/angel/rt.s                       0x00000000   Number         0  rt_div0.o ABSOLUTE
    ../clib/angel/scatterp.s                 0x00000000   Number         0  __scatter.o ABSOLUTE
    ../clib/angel/startup.s                  0x00000000   Number         0  __main.o ABSOLUTE
    ../clib/angel/sys.s                      0x00000000   Number         0  libspace.o ABSOLUTE
    ../clib/angel/sys.s                      0x00000000   Number         0  tempstk.o ABSOLUTE
    ../clib/angel/sys.s                      0x00000000   Number         0  indicate_semi.o ABSOLUTE
    ../clib/angel/sys.s                      0x00000000   Number         0  use_no_semi.o ABSOLUTE
    ../clib/angel/sys.s                      0x00000000   Number         0  sys_stackheap_outer.o ABSOLUTE
    ../clib/angel/sysapp.c                   0x00000000   Number         0  sys_wrch.o ABSOLUTE
    ../clib/angel/sysapp.c                   0x00000000   Number         0  sys_command.o ABSOLUTE
    ../clib/angel/sysapp.c                   0x00000000   Number         0  sys_exit.o ABSOLUTE
    ../clib/armsys.c                         0x00000000   Number         0  argv_veneer.o ABSOLUTE
    ../clib/armsys.c                         0x00000000   Number         0  _get_argv_nomalloc.o ABSOLUTE
    ../clib/armsys.c                         0x00000000   Number         0  no_argv.o ABSOLUTE
    ../clib/division.s                       0x00000000   Number         0  aeabi_sdiv_div0.o ABSOLUTE
    ../clib/division.s                       0x00000000   Number         0  aeabi_sdiv.o ABSOLUTE
    ../clib/heapalloc.c                      0x00000000   Number         0  hrguard.o ABSOLUTE
    ../clib/heapaux.c                        0x00000000   Number         0  heapauxi.o ABSOLUTE
    ../clib/libinit.s                        0x00000000   Number         0  libinit.o ABSOLUTE
    ../clib/libinit.s                        0x00000000   Number         0  libshutdown2.o ABSOLUTE
    ../clib/libinit.s                        0x00000000   Number         0  libshutdown.o ABSOLUTE
    ../clib/libinit.s                        0x00000000   Number         0  libinit2.o ABSOLUTE
    ../clib/signal.c                         0x00000000   Number         0  defsig_segv_inner.o ABSOLUTE
    ../clib/signal.c                         0x00000000   Number         0  defsig_cppl_inner.o ABSOLUTE
    ../clib/signal.c                         0x00000000   Number         0  defsig_pvfn_inner.o ABSOLUTE
    ../clib/signal.c                         0x00000000   Number         0  defsig_stak_inner.o ABSOLUTE
    ../clib/signal.c                         0x00000000   Number         0  defsig_rtmem_formal.o ABSOLUTE
    ../clib/signal.c                         0x00000000   Number         0  defsig_rtmem_inner.o ABSOLUTE
    ../clib/signal.c                         0x00000000   Number         0  defsig_rtred_inner.o ABSOLUTE
    ../clib/signal.c                         0x00000000   Number         0  defsig_abrt_inner.o ABSOLUTE
    ../clib/signal.c                         0x00000000   Number         0  defsig_general.o ABSOLUTE
    ../clib/signal.c                         0x00000000   Number         0  defsig_fpe_formal.o ABSOLUTE
    ../clib/signal.c                         0x00000000   Number         0  defsig_fpe_outer.o ABSOLUTE
    ../clib/signal.c                         0x00000000   Number         0  defsig_rtmem_outer.o ABSOLUTE
    ../clib/signal.c                         0x00000000   Number         0  defsig_fpe_inner.o ABSOLUTE
    ../clib/signal.c                         0x00000000   Number         0  defsig_exit.o ABSOLUTE
    ../clib/signal.c                         0x00000000   Number         0  defsig_other.o ABSOLUTE
    ../clib/signal.c                         0x00000000   Number         0  __raise.o ABSOLUTE
    ../clib/signal.s                         0x00000000   Number         0  defsig.o ABSOLUTE
    ../clib/stdlib.c                         0x00000000   Number         0  exit.o ABSOLUTE
    ../fplib/cfplib/fflt.c                   0x00000000   Number         0  fflti.o ABSOLUTE
    ../fplib/cfplib/fpinit.c                 0x00000000   Number         0  fpinit.o ABSOLUTE
    ../fplib/fmul6m.s                        0x00000000   Number         0  fmul.o ABSOLUTE
    ../fplib/usenofp.s                       0x00000000   Number         0  usenofp.o ABSOLUTE
    RTE\Device\MKL46Z256xxx4\startup_MKL46Z4.s 0x00000000   Number         0  startup_mkl46z4.o ABSOLUTE
    RTE\Device\MKL46Z256xxx4\system_MKL46Z4.c 0x00000000   Number         0  system_mkl46z4.o ABSOLUTE
    RTE\\Device\\MKL46Z256xxx4\\system_MKL46Z4.c 0x00000000   Number         0  system_mkl46z4.o ABSOLUTE
    buttons.c                                0x00000000   Number         0  buttons.o ABSOLUTE
    buttons.c                                0x00000000   Number         0  buttons.o ABSOLUTE
    dc.s                                     0x00000000   Number         0  dc.o ABSOLUTE
    delay.c                                  0x00000000   Number         0  delay.o ABSOLUTE
    delay.c                                  0x00000000   Number         0  delay.o ABSOLUTE
    ds18b20.c                                0x00000000   Number         0  ds18b20.o ABSOLUTE
    ds18b20.c                                0x00000000   Number         0  ds18b20.o ABSOLUTE
    leds.c                                   0x00000000   Number         0  leds.o ABSOLUTE
    leds.c                                   0x00000000   Number         0  leds.o ABSOLUTE
    main.c                                   0x00000000   Number         0  main.o ABSOLUTE
    main.c                                   0x00000000   Number         0  main.o ABSOLUTE
    onewire.c                                0x00000000   Number         0  onewire.o ABSOLUTE
    onewire.c                                0x00000000   Number         0  onewire.o ABSOLUTE
    slcd.c                                   0x00000000   Number         0  slcd.o ABSOLUTE
    slcd.c                                   0x00000000   Number         0  slcd.o ABSOLUTE
    uart.c                                   0x00000000   Number         0  uart.o ABSOLUTE
    uart.c                                   0x00000000   Number         0  uart.o ABSOLUTE
    !!!main                                  0x000000c0   Section        8  __main.o(!!!main)
    !!!scatter                               0x000000c8   Section       60  __scatter.o(!!!scatter)
    !!handler_copy                           0x00000104   Section       26  __scatter_copy.o(!!handler_copy)
    !!handler_zi                             0x00000120   Section       28  __scatter_zi.o(!!handler_zi)
    .ARM.Collect$$libinit$$00000000          0x0000013c   Section        2  libinit.o(.ARM.Collect$$libinit$$00000000)
    .ARM.Collect$$libinit$$00000002          0x0000013e   Section        0  libinit2.o(.ARM.Collect$$libinit$$00000002)
    .ARM.Collect$$libinit$$00000004          0x0000013e   Section        0  libinit2.o(.ARM.Collect$$libinit$$00000004)
    .ARM.Collect$$libinit$$0000000A          0x0000013e   Section        0  libinit2.o(.ARM.Collect$$libinit$$0000000A)
    .ARM.Collect$$libinit$$0000000C          0x0000013e   Section        0  libinit2.o(.ARM.Collect$$libinit$$0000000C)
    .ARM.Collect$$libinit$$0000000E          0x0000013e   Section        0  libinit2.o(.ARM.Collect$$libinit$$0000000E)
    .ARM.Collect$$libinit$$00000011          0x0000013e   Section        0  libinit2.o(.ARM.Collect$$libinit$$00000011)
    .ARM.Collect$$libinit$$00000013          0x0000013e   Section        0  libinit2.o(.ARM.Collect$$libinit$$00000013)
    .ARM.Collect$$libinit$$00000015          0x0000013e   Section        0  libinit2.o(.ARM.Collect$$libinit$$00000015)
    .ARM.Collect$$libinit$$00000017          0x0000013e   Section        0  libinit2.o(.ARM.Collect$$libinit$$00000017)
    .ARM.Collect$$libinit$$00000019          0x0000013e   Section        0  libinit2.o(.ARM.Collect$$libinit$$00000019)
    .ARM.Collect$$libinit$$0000001B          0x0000013e   Section        0  libinit2.o(.ARM.Collect$$libinit$$0000001B)
    .ARM.Collect$$libinit$$0000001D          0x0000013e   Section        0  libinit2.o(.ARM.Collect$$libinit$$0000001D)
    .ARM.Collect$$libinit$$0000001F          0x0000013e   Section        0  libinit2.o(.ARM.Collect$$libinit$$0000001F)
    .ARM.Collect$$libinit$$00000021          0x0000013e   Section        0  libinit2.o(.ARM.Collect$$libinit$$00000021)
    .ARM.Collect$$libinit$$00000023          0x0000013e   Section        0  libinit2.o(.ARM.Collect$$libinit$$00000023)
    .ARM.Collect$$libinit$$00000025          0x0000013e   Section        0  libinit2.o(.ARM.Collect$$libinit$$00000025)
    .ARM.Collect$$libinit$$0000002C          0x0000013e   Section        0  libinit2.o(.ARM.Collect$$libinit$$0000002C)
    .ARM.Collect$$libinit$$0000002E          0x0000013e   Section        0  libinit2.o(.ARM.Collect$$libinit$$0000002E)
    .ARM.Collect$$libinit$$00000030          0x0000013e   Section        0  libinit2.o(.ARM.Collect$$libinit$$00000030)
    .ARM.Collect$$libinit$$00000032          0x0000013e   Section        0  libinit2.o(.ARM.Collect$$libinit$$00000032)
    .ARM.Collect$$libinit$$00000033          0x0000013e   Section        2  libinit2.o(.ARM.Collect$$libinit$$00000033)
    .ARM.Collect$$libshutdown$$00000000      0x00000140   Section        2  libshutdown.o(.ARM.Collect$$libshutdown$$00000000)
    .ARM.Collect$$libshutdown$$00000002      0x00000142   Section        0  libshutdown2.o(.ARM.Collect$$libshutdown$$00000002)
    .ARM.Collect$$libshutdown$$00000004      0x00000142   Section        0  libshutdown2.o(.ARM.Collect$$libshutdown$$00000004)
    .ARM.Collect$$libshutdown$$00000007      0x00000142   Section        0  libshutdown2.o(.ARM.Collect$$libshutdown$$00000007)
    .ARM.Collect$$libshutdown$$0000000A      0x00000142   Section        0  libshutdown2.o(.ARM.Collect$$libshutdown$$0000000A)
    .ARM.Collect$$libshutdown$$0000000C      0x00000142   Section        0  libshutdown2.o(.ARM.Collect$$libshutdown$$0000000C)
    .ARM.Collect$$libshutdown$$0000000F      0x00000142   Section        0  libshutdown2.o(.ARM.Collect$$libshutdown$$0000000F)
    .ARM.Collect$$libshutdown$$00000010      0x00000142   Section        2  libshutdown2.o(.ARM.Collect$$libshutdown$$00000010)
    .ARM.Collect$$rtentry$$00000000          0x00000144   Section        0  __rtentry.o(.ARM.Collect$$rtentry$$00000000)
    .ARM.Collect$$rtentry$$00000002          0x00000144   Section        0  __rtentry2.o(.ARM.Collect$$rtentry$$00000002)
    .ARM.Collect$$rtentry$$00000004          0x00000144   Section        6  __rtentry4.o(.ARM.Collect$$rtentry$$00000004)
    .ARM.Collect$$rtentry$$00000009          0x0000014a   Section        0  __rtentry2.o(.ARM.Collect$$rtentry$$00000009)
    .ARM.Collect$$rtentry$$0000000A          0x0000014a   Section        4  __rtentry2.o(.ARM.Collect$$rtentry$$0000000A)
    .ARM.Collect$$rtentry$$0000000C          0x0000014e   Section        0  __rtentry2.o(.ARM.Collect$$rtentry$$0000000C)
    .ARM.Collect$$rtentry$$0000000D          0x0000014e   Section        8  __rtentry2.o(.ARM.Collect$$rtentry$$0000000D)
    .ARM.Collect$$rtexit$$00000000           0x00000156   Section        2  rtexit.o(.ARM.Collect$$rtexit$$00000000)
    .ARM.Collect$$rtexit$$00000002           0x00000158   Section        0  rtexit2.o(.ARM.Collect$$rtexit$$00000002)
    .ARM.Collect$$rtexit$$00000003           0x00000158   Section        4  rtexit2.o(.ARM.Collect$$rtexit$$00000003)
    .ARM.Collect$$rtexit$$00000004           0x0000015c   Section        6  rtexit2.o(.ARM.Collect$$rtexit$$00000004)
    .text                                    0x00000164   Section       52  startup_mkl46z4.o(.text)
    .text                                    0x00000198   Section      346  aeabi_sdiv.o(.text)
    .text                                    0x000002f2   Section        0  heapauxi.o(.text)
    .text                                    0x000002f8   Section       62  sys_stackheap_outer.o(.text)
    .text                                    0x00000336   Section        0  exit.o(.text)
    .text                                    0x00000348   Section        8  libspace.o(.text)
    .text                                    0x00000350   Section        0  sys_exit.o(.text)
    .text                                    0x0000035c   Section        2  use_no_semi.o(.text)
    .text                                    0x0000035e   Section        0  indicate_semi.o(.text)
    i.PORTC_PORTD_IRQHandler                 0x00000360   Section        0  buttons.o(i.PORTC_PORTD_IRQHandler)
    i.SysTick_Handler                        0x000003b8   Section        0  delay.o(i.SysTick_Handler)
    i.__ARM_common_switch8                   0x000003d0   Section        0  slcd.o(i.__ARM_common_switch8)
    i.buttons_ReturnActiveDevice             0x000003ec   Section        0  buttons.o(i.buttons_ReturnActiveDevice)
    .constdata                               0x000003f8   Section        8  leds.o(.constdata)
    led_mask                                 0x000003f8   Data           8  leds.o(.constdata)
    .ARM.__at_0x400                          0x00000400   Section       16  startup_mkl46z4.o(.ARM.__at_0x400)
    i.SystemInit                             0x00000410   Section        0  system_mkl46z4.o(i.SystemInit)
    i.__NVIC_SetPriority                     0x000004e0   Section        0  buttons.o(i.__NVIC_SetPriority)
    __NVIC_SetPriority                       0x000004e1   Thumb Code   110  buttons.o(i.__NVIC_SetPriority)
    i.__NVIC_SetPriority                     0x00000558   Section        0  delay.o(i.__NVIC_SetPriority)
    __NVIC_SetPriority                       0x00000559   Thumb Code   110  delay.o(i.__NVIC_SetPriority)
    i.buttons_Initialize                     0x000005d0   Section        0  buttons.o(i.buttons_Initialize)
    i.buttons_Service                        0x00000678   Section        0  buttons.o(i.buttons_Service)
    i.delay_initialize                       0x000006a4   Section        0  delay.o(i.delay_initialize)
    i.delay_ms                               0x000006d8   Section        0  delay.o(i.delay_ms)
    i.delay_us                               0x000006f4   Section        0  delay.o(i.delay_us)
    i.ds_GetConvTime                         0x00000708   Section        0  ds18b20.o(i.ds_GetConvTime)
    i.ds_Initialize                          0x00000730   Section        0  ds18b20.o(i.ds_Initialize)
    i.ds_ReadTempMatch                       0x00000748   Section        0  ds18b20.o(i.ds_ReadTempMatch)
    i.ds_RequestTempMatch                    0x00000784   Section        0  ds18b20.o(i.ds_RequestTempMatch)
    i.ds_ReturnCellAddress                   0x000007c0   Section        0  ds18b20.o(i.ds_ReturnCellAddress)
    i.ds_ReturnDeviceNumber                  0x000007d0   Section        0  ds18b20.o(i.ds_ReturnDeviceNumber)
    i.ds_SetResMatch                         0x000007dc   Section        0  ds18b20.o(i.ds_SetResMatch)
    i.initialize                             0x00000830   Section        0  main.o(i.initialize)
    i.leds_ActiveDevice                      0x00000850   Section        0  leds.o(i.leds_ActiveDevice)
    i.leds_Initialize                        0x0000089c   Section        0  leds.o(i.leds_Initialize)
    i.main                                   0x000008fc   Section        0  main.o(i.main)
    i.ow_AllSearch                           0x0000093c   Section        0  onewire.o(i.ow_AllSearch)
    i.ow_Initialize                          0x0000095c   Section        0  onewire.o(i.ow_Initialize)
    i.ow_MatchROM                            0x00000980   Section        0  onewire.o(i.ow_MatchROM)
    i.ow_ReadBit                             0x0000099e   Section        0  onewire.o(i.ow_ReadBit)
    i.ow_ReadByte                            0x000009ca   Section        0  onewire.o(i.ow_ReadByte)
    i.ow_Reset                               0x000009ec   Section        0  onewire.o(i.ow_Reset)
    i.ow_ResetSearch                         0x00000a1c   Section        0  onewire.o(i.ow_ResetSearch)
    i.ow_Search                              0x00000a38   Section        0  onewire.o(i.ow_Search)
    i.ow_WriteBit                            0x00000b30   Section        0  onewire.o(i.ow_WriteBit)
    i.ow_WriteByte                           0x00000b70   Section        0  onewire.o(i.ow_WriteByte)
    i.ow_high                                0x00000b90   Section        0  onewire.o(i.ow_high)
    i.ow_input                               0x00000ba0   Section        0  onewire.o(i.ow_input)
    i.ow_low                                 0x00000bc4   Section        0  onewire.o(i.ow_low)
    i.ow_output                              0x00000bd4   Section        0  onewire.o(i.ow_output)
    i.ow_readPIN                             0x00000be8   Section        0  onewire.o(i.ow_readPIN)
    i.slcd_DS18B20                           0x00000c04   Section        0  slcd.o(i.slcd_DS18B20)
    i.slcd_Dots                              0x00000c94   Section        0  slcd.o(i.slcd_Dots)
    i.slcd_Err                               0x00000ce8   Section        0  slcd.o(i.slcd_Err)
    i.slcd_Initialize                        0x00000ed8   Section        0  slcd.o(i.slcd_Initialize)
    i.slcd_Set                               0x00000fa0   Section        0  slcd.o(i.slcd_Set)
    i.uart_DS                                0x000011f4   Section        0  uart.o(i.uart_DS)
    i.uart_Initialize                        0x00001230   Section        0  uart.o(i.uart_Initialize)
    i.uart_Send                              0x000012dc   Section        0  uart.o(i.uart_Send)
    .constdata                               0x000012fc   Section        8  slcd.o(.constdata)
    LCD_Front_Pin                            0x000012fc   Data           8  slcd.o(.constdata)
    .data                                    0x1fffe000   Section        1  buttons.o(.data)
    .data                                    0x1fffe001   Section       11  onewire.o(.data)
    .data                                    0x1fffe00c   Section        3  ds18b20.o(.data)
    .data                                    0x1fffe010   Section        4  delay.o(.data)
    .bss                                     0x1fffe014   Section      108  ds18b20.o(.bss)
    .bss                                     0x1fffe080   Section       96  libspace.o(.bss)
    HEAP                                     0x1fffe0e0   Section        0  startup_mkl46z4.o(HEAP)
    STACK                                    0x1fffe0e0   Section      256  startup_mkl46z4.o(STACK)
    Heap_Mem                                 0x1fffe0e0   Data           0  startup_mkl46z4.o(HEAP)
    Stack_Mem                                0x1fffe0e0   Data         256  startup_mkl46z4.o(STACK)
    __initial_sp                             0x1fffe1e0   Data           0  startup_mkl46z4.o(STACK)

    Global Symbols

    Symbol Name                              Value     Ov Type        Size  Object(Section)

    BuildAttributes$$THM_ISAv3M$S$PE$A:L22$X:L11$S22$IEEE1$IW$USESV6$~STKCKD$USESV7$~SHL$OSPACE$ROPI$EBA8$UX$STANDARDLIB$REQ8$PRES8$EABIv2 0x00000000   Number         0  anon$$obj.o ABSOLUTE
    __ARM_use_no_argv                        0x00000000   Number         0  main.o ABSOLUTE
    __Vectors                                0x00000000   Data           4  startup_mkl46z4.o(RESET)
    __ARM_exceptions_init                     - Undefined Weak Reference
    __alloca_initialize                       - Undefined Weak Reference
    __arm_preinit_                            - Undefined Weak Reference
    __cpp_initialize__aeabi_                  - Undefined Weak Reference
    __cxa_finalize                            - Undefined Weak Reference
    __rt_locale                               - Undefined Weak Reference
    __sigvec_lookup                           - Undefined Weak Reference
    _atexit_init                              - Undefined Weak Reference
    _call_atexit_fns                          - Undefined Weak Reference
    _clock_init                               - Undefined Weak Reference
    _fp_trap_init                             - Undefined Weak Reference
    _fp_trap_shutdown                         - Undefined Weak Reference
    _get_lc_collate                           - Undefined Weak Reference
    _get_lc_ctype                             - Undefined Weak Reference
    _get_lc_monetary                          - Undefined Weak Reference
    _get_lc_numeric                           - Undefined Weak Reference
    _get_lc_time                              - Undefined Weak Reference
    _getenv_init                              - Undefined Weak Reference
    _handle_redirection                       - Undefined Weak Reference
    _init_alloc                               - Undefined Weak Reference
    _init_user_alloc                          - Undefined Weak Reference
    _initio                                   - Undefined Weak Reference
    _rand_init                                - Undefined Weak Reference
    _signal_finish                            - Undefined Weak Reference
    _signal_init                              - Undefined Weak Reference
    _terminate_alloc                          - Undefined Weak Reference
    _terminate_user_alloc                     - Undefined Weak Reference
    _terminateio                              - Undefined Weak Reference
    __Vectors_End                            0x000000c0   Data           0  startup_mkl46z4.o(RESET)
    __Vectors_Size                           0x000000c0   Number         0  startup_mkl46z4.o ABSOLUTE
    __main                                   0x000000c1   Thumb Code     8  __main.o(!!!main)
    __scatterload                            0x000000c9   Thumb Code     0  __scatter.o(!!!scatter)
    __scatterload_rt2                        0x000000c9   Thumb Code    52  __scatter.o(!!!scatter)
    __scatterload_rt2_thumb_only             0x000000c9   Thumb Code     0  __scatter.o(!!!scatter)
    __scatterload_null                       0x000000d9   Thumb Code     0  __scatter.o(!!!scatter)
    __scatterload_copy                       0x00000105   Thumb Code    26  __scatter_copy.o(!!handler_copy)
    __scatterload_zeroinit                   0x00000121   Thumb Code    28  __scatter_zi.o(!!handler_zi)
    __rt_lib_init                            0x0000013d   Thumb Code     0  libinit.o(.ARM.Collect$$libinit$$00000000)
    __rt_lib_init_alloca_1                   0x0000013f   Thumb Code     0  libinit2.o(.ARM.Collect$$libinit$$0000002E)
    __rt_lib_init_argv_1                     0x0000013f   Thumb Code     0  libinit2.o(.ARM.Collect$$libinit$$0000002C)
    __rt_lib_init_atexit_1                   0x0000013f   Thumb Code     0  libinit2.o(.ARM.Collect$$libinit$$0000001B)
    __rt_lib_init_clock_1                    0x0000013f   Thumb Code     0  libinit2.o(.ARM.Collect$$libinit$$00000021)
    __rt_lib_init_cpp_1                      0x0000013f   Thumb Code     0  libinit2.o(.ARM.Collect$$libinit$$00000032)
    __rt_lib_init_exceptions_1               0x0000013f   Thumb Code     0  libinit2.o(.ARM.Collect$$libinit$$00000030)
    __rt_lib_init_fp_1                       0x0000013f   Thumb Code     0  libinit2.o(.ARM.Collect$$libinit$$00000002)
    __rt_lib_init_fp_trap_1                  0x0000013f   Thumb Code     0  libinit2.o(.ARM.Collect$$libinit$$0000001F)
    __rt_lib_init_getenv_1                   0x0000013f   Thumb Code     0  libinit2.o(.ARM.Collect$$libinit$$00000023)
    __rt_lib_init_heap_1                     0x0000013f   Thumb Code     0  libinit2.o(.ARM.Collect$$libinit$$0000000A)
    __rt_lib_init_lc_collate_1               0x0000013f   Thumb Code     0  libinit2.o(.ARM.Collect$$libinit$$00000011)
    __rt_lib_init_lc_ctype_1                 0x0000013f   Thumb Code     0  libinit2.o(.ARM.Collect$$libinit$$00000013)
    __rt_lib_init_lc_monetary_1              0x0000013f   Thumb Code     0  libinit2.o(.ARM.Collect$$libinit$$00000015)
    __rt_lib_init_lc_numeric_1               0x0000013f   Thumb Code     0  libinit2.o(.ARM.Collect$$libinit$$00000017)
    __rt_lib_init_lc_time_1                  0x0000013f   Thumb Code     0  libinit2.o(.ARM.Collect$$libinit$$00000019)
    __rt_lib_init_preinit_1                  0x0000013f   Thumb Code     0  libinit2.o(.ARM.Collect$$libinit$$00000004)
    __rt_lib_init_rand_1                     0x0000013f   Thumb Code     0  libinit2.o(.ARM.Collect$$libinit$$0000000E)
    __rt_lib_init_return                     0x0000013f   Thumb Code     0  libinit2.o(.ARM.Collect$$libinit$$00000033)
    __rt_lib_init_signal_1                   0x0000013f   Thumb Code     0  libinit2.o(.ARM.Collect$$libinit$$0000001D)
    __rt_lib_init_stdio_1                    0x0000013f   Thumb Code     0  libinit2.o(.ARM.Collect$$libinit$$00000025)
    __rt_lib_init_user_alloc_1               0x0000013f   Thumb Code     0  libinit2.o(.ARM.Collect$$libinit$$0000000C)
    __rt_lib_shutdown                        0x00000141   Thumb Code     0  libshutdown.o(.ARM.Collect$$libshutdown$$00000000)
    __rt_lib_shutdown_cpp_1                  0x00000143   Thumb Code     0  libshutdown2.o(.ARM.Collect$$libshutdown$$00000002)
    __rt_lib_shutdown_fp_trap_1              0x00000143   Thumb Code     0  libshutdown2.o(.ARM.Collect$$libshutdown$$00000007)
    __rt_lib_shutdown_heap_1                 0x00000143   Thumb Code     0  libshutdown2.o(.ARM.Collect$$libshutdown$$0000000F)
    __rt_lib_shutdown_return                 0x00000143   Thumb Code     0  libshutdown2.o(.ARM.Collect$$libshutdown$$00000010)
    __rt_lib_shutdown_signal_1               0x00000143   Thumb Code     0  libshutdown2.o(.ARM.Collect$$libshutdown$$0000000A)
    __rt_lib_shutdown_stdio_1                0x00000143   Thumb Code     0  libshutdown2.o(.ARM.Collect$$libshutdown$$00000004)
    __rt_lib_shutdown_user_alloc_1           0x00000143   Thumb Code     0  libshutdown2.o(.ARM.Collect$$libshutdown$$0000000C)
    __rt_entry                               0x00000145   Thumb Code     0  __rtentry.o(.ARM.Collect$$rtentry$$00000000)
    __rt_entry_presh_1                       0x00000145   Thumb Code     0  __rtentry2.o(.ARM.Collect$$rtentry$$00000002)
    __rt_entry_sh                            0x00000145   Thumb Code     0  __rtentry4.o(.ARM.Collect$$rtentry$$00000004)
    __rt_entry_li                            0x0000014b   Thumb Code     0  __rtentry2.o(.ARM.Collect$$rtentry$$0000000A)
    __rt_entry_postsh_1                      0x0000014b   Thumb Code     0  __rtentry2.o(.ARM.Collect$$rtentry$$00000009)
    __rt_entry_main                          0x0000014f   Thumb Code     0  __rtentry2.o(.ARM.Collect$$rtentry$$0000000D)
    __rt_entry_postli_1                      0x0000014f   Thumb Code     0  __rtentry2.o(.ARM.Collect$$rtentry$$0000000C)
    __rt_exit                                0x00000157   Thumb Code     0  rtexit.o(.ARM.Collect$$rtexit$$00000000)
    __rt_exit_ls                             0x00000159   Thumb Code     0  rtexit2.o(.ARM.Collect$$rtexit$$00000003)
    __rt_exit_prels_1                        0x00000159   Thumb Code     0  rtexit2.o(.ARM.Collect$$rtexit$$00000002)
    __rt_exit_exit                           0x0000015d   Thumb Code     0  rtexit2.o(.ARM.Collect$$rtexit$$00000004)
    Reset_Handler                            0x00000165   Thumb Code     8  startup_mkl46z4.o(.text)
    NMI_Handler                              0x0000016d   Thumb Code     2  startup_mkl46z4.o(.text)
    HardFault_Handler                        0x0000016f   Thumb Code     2  startup_mkl46z4.o(.text)
    SVC_Handler                              0x00000171   Thumb Code     2  startup_mkl46z4.o(.text)
    PendSV_Handler                           0x00000173   Thumb Code     2  startup_mkl46z4.o(.text)
    ADC0_IRQHandler                          0x00000177   Thumb Code     0  startup_mkl46z4.o(.text)
    CMP0_IRQHandler                          0x00000177   Thumb Code     0  startup_mkl46z4.o(.text)
    DAC0_IRQHandler                          0x00000177   Thumb Code     0  startup_mkl46z4.o(.text)
    DMA0_IRQHandler                          0x00000177   Thumb Code     0  startup_mkl46z4.o(.text)
    DMA1_IRQHandler                          0x00000177   Thumb Code     0  startup_mkl46z4.o(.text)
    DMA2_IRQHandler                          0x00000177   Thumb Code     0  startup_mkl46z4.o(.text)
    DMA3_IRQHandler                          0x00000177   Thumb Code     0  startup_mkl46z4.o(.text)
    DefaultISR                               0x00000177   Thumb Code     0  startup_mkl46z4.o(.text)
    FTFA_IRQHandler                          0x00000177   Thumb Code     0  startup_mkl46z4.o(.text)
    I2C0_IRQHandler                          0x00000177   Thumb Code     0  startup_mkl46z4.o(.text)
    I2C1_IRQHandler                          0x00000177   Thumb Code     0  startup_mkl46z4.o(.text)
    I2S0_IRQHandler                          0x00000177   Thumb Code     0  startup_mkl46z4.o(.text)
    LCD_IRQHandler                           0x00000177   Thumb Code     0  startup_mkl46z4.o(.text)
    LLW_IRQHandler                           0x00000177   Thumb Code     0  startup_mkl46z4.o(.text)
    LPTimer_IRQHandler                       0x00000177   Thumb Code     0  startup_mkl46z4.o(.text)
    LVD_LVW_IRQHandler                       0x00000177   Thumb Code     0  startup_mkl46z4.o(.text)
    MCG_IRQHandler                           0x00000177   Thumb Code     0  startup_mkl46z4.o(.text)
    PIT_IRQHandler                           0x00000177   Thumb Code     0  startup_mkl46z4.o(.text)
    PORTA_IRQHandler                         0x00000177   Thumb Code     0  startup_mkl46z4.o(.text)
    RTC_IRQHandler                           0x00000177   Thumb Code     0  startup_mkl46z4.o(.text)
    RTC_Seconds_IRQHandler                   0x00000177   Thumb Code     0  startup_mkl46z4.o(.text)
    Reserved20_IRQHandler                    0x00000177   Thumb Code     0  startup_mkl46z4.o(.text)
    SPI0_IRQHandler                          0x00000177   Thumb Code     0  startup_mkl46z4.o(.text)
    SPI1_IRQHandler                          0x00000177   Thumb Code     0  startup_mkl46z4.o(.text)
    TPM0_IRQHandler                          0x00000177   Thumb Code     0  startup_mkl46z4.o(.text)
    TPM1_IRQHandler                          0x00000177   Thumb Code     0  startup_mkl46z4.o(.text)
    TPM2_IRQHandler                          0x00000177   Thumb Code     0  startup_mkl46z4.o(.text)
    TSI0_IRQHandler                          0x00000177   Thumb Code     0  startup_mkl46z4.o(.text)
    UART0_IRQHandler                         0x00000177   Thumb Code     0  startup_mkl46z4.o(.text)
    UART1_IRQHandler                         0x00000177   Thumb Code     0  startup_mkl46z4.o(.text)
    UART2_IRQHandler                         0x00000177   Thumb Code     0  startup_mkl46z4.o(.text)
    USB0_IRQHandler                          0x00000177   Thumb Code     0  startup_mkl46z4.o(.text)
    __user_initial_stackheap                 0x00000179   Thumb Code     0  startup_mkl46z4.o(.text)
    __aeabi_uidiv                            0x00000199   Thumb Code     0  aeabi_sdiv.o(.text)
    __aeabi_uidivmod                         0x00000199   Thumb Code    20  aeabi_sdiv.o(.text)
    __aeabi_idiv                             0x000001ad   Thumb Code     0  aeabi_sdiv.o(.text)
    __aeabi_idivmod                          0x000001ad   Thumb Code   326  aeabi_sdiv.o(.text)
    __use_two_region_memory                  0x000002f3   Thumb Code     2  heapauxi.o(.text)
    __rt_heap_escrow$2region                 0x000002f5   Thumb Code     2  heapauxi.o(.text)
    __rt_heap_expand$2region                 0x000002f7   Thumb Code     2  heapauxi.o(.text)
    __user_setup_stackheap                   0x000002f9   Thumb Code    62  sys_stackheap_outer.o(.text)
    exit                                     0x00000337   Thumb Code    16  exit.o(.text)
    __user_libspace                          0x00000349   Thumb Code     8  libspace.o(.text)
    __user_perproc_libspace                  0x00000349   Thumb Code     0  libspace.o(.text)
    __user_perthread_libspace                0x00000349   Thumb Code     0  libspace.o(.text)
    _sys_exit                                0x00000351   Thumb Code     8  sys_exit.o(.text)
    __I$use$semihosting                      0x0000035d   Thumb Code     0  use_no_semi.o(.text)
    __use_no_semihosting_swi                 0x0000035d   Thumb Code     2  use_no_semi.o(.text)
    __semihosting_library_function           0x0000035f   Thumb Code     0  indicate_semi.o(.text)
    PORTC_PORTD_IRQHandler                   0x00000361   Thumb Code    78  buttons.o(i.PORTC_PORTD_IRQHandler)
    SysTick_Handler                          0x000003b9   Thumb Code    20  delay.o(i.SysTick_Handler)
    __ARM_common_switch8                     0x000003d1   Thumb Code    28  slcd.o(i.__ARM_common_switch8)
    buttons_ReturnActiveDevice               0x000003ed   Thumb Code     6  buttons.o(i.buttons_ReturnActiveDevice)
    SystemInit                               0x00000411   Thumb Code   180  system_mkl46z4.o(i.SystemInit)
    buttons_Initialize                       0x000005d1   Thumb Code   148  buttons.o(i.buttons_Initialize)
    buttons_Service                          0x00000679   Thumb Code    36  buttons.o(i.buttons_Service)
    delay_initialize                         0x000006a5   Thumb Code    42  delay.o(i.delay_initialize)
    delay_ms                                 0x000006d9   Thumb Code    22  delay.o(i.delay_ms)
    delay_us                                 0x000006f5   Thumb Code    16  delay.o(i.delay_us)
    ds_GetConvTime                           0x00000709   Thumb Code    34  ds18b20.o(i.ds_GetConvTime)
    ds_Initialize                            0x00000731   Thumb Code    14  ds18b20.o(i.ds_Initialize)
    ds_ReadTempMatch                         0x00000749   Thumb Code    52  ds18b20.o(i.ds_ReadTempMatch)
    ds_RequestTempMatch                      0x00000785   Thumb Code    50  ds18b20.o(i.ds_RequestTempMatch)
    ds_ReturnCellAddress                     0x000007c1   Thumb Code    12  ds18b20.o(i.ds_ReturnCellAddress)
    ds_ReturnDeviceNumber                    0x000007d1   Thumb Code     6  ds18b20.o(i.ds_ReturnDeviceNumber)
    ds_SetResMatch                           0x000007dd   Thumb Code    74  ds18b20.o(i.ds_SetResMatch)
    initialize                               0x00000831   Thumb Code    32  main.o(i.initialize)
    leds_ActiveDevice                        0x00000851   Thumb Code    68  leds.o(i.leds_ActiveDevice)
    leds_Initialize                          0x0000089d   Thumb Code    76  leds.o(i.leds_Initialize)
    main                                     0x000008fd   Thumb Code    64  main.o(i.main)
    ow_AllSearch                             0x0000093d   Thumb Code    32  onewire.o(i.ow_AllSearch)
    ow_Initialize                            0x0000095d   Thumb Code    28  onewire.o(i.ow_Initialize)
    ow_MatchROM                              0x00000981   Thumb Code    30  onewire.o(i.ow_MatchROM)
    ow_ReadBit                               0x0000099f   Thumb Code    44  onewire.o(i.ow_ReadBit)
    ow_ReadByte                              0x000009cb   Thumb Code    34  onewire.o(i.ow_ReadByte)
    ow_Reset                                 0x000009ed   Thumb Code    46  onewire.o(i.ow_Reset)
    ow_ResetSearch                           0x00000a1d   Thumb Code    16  onewire.o(i.ow_ResetSearch)
    ow_Search                                0x00000a39   Thumb Code   234  onewire.o(i.ow_Search)
    ow_WriteBit                              0x00000b31   Thumb Code    64  onewire.o(i.ow_WriteBit)
    ow_WriteByte                             0x00000b71   Thumb Code    30  onewire.o(i.ow_WriteByte)
    ow_high                                  0x00000b91   Thumb Code    10  onewire.o(i.ow_high)
    ow_input                                 0x00000ba1   Thumb Code    28  onewire.o(i.ow_input)
    ow_low                                   0x00000bc5   Thumb Code    10  onewire.o(i.ow_low)
    ow_output                                0x00000bd5   Thumb Code    16  onewire.o(i.ow_output)
    ow_readPIN                               0x00000be9   Thumb Code    22  onewire.o(i.ow_readPIN)
    slcd_DS18B20                             0x00000c05   Thumb Code   144  slcd.o(i.slcd_DS18B20)
    slcd_Dots                                0x00000c95   Thumb Code    76  slcd.o(i.slcd_Dots)
    slcd_Err                                 0x00000ce9   Thumb Code   488  slcd.o(i.slcd_Err)
    slcd_Initialize                          0x00000ed9   Thumb Code   152  slcd.o(i.slcd_Initialize)
    slcd_Set                                 0x00000fa1   Thumb Code   588  slcd.o(i.slcd_Set)
    uart_DS                                  0x000011f5   Thumb Code    58  uart.o(i.uart_DS)
    uart_Initialize                          0x00001231   Thumb Code   158  uart.o(i.uart_Initialize)
    uart_Send                                0x000012dd   Thumb Code    28  uart.o(i.uart_Send)
    Region$$Table$$Base                      0x00001304   Number         0  anon$$obj.o(Region$$Table)
    Region$$Table$$Limit                     0x00001324   Number         0  anon$$obj.o(Region$$Table)
    active_index                             0x1fffe000   Data           1  buttons.o(.data)
    LastDiscrepancy                          0x1fffe001   Data           1  onewire.o(.data)
    LastFamilyDiscrepancy                    0x1fffe002   Data           1  onewire.o(.data)
    LastDeviceFlag                           0x1fffe003   Data           1  onewire.o(.data)
    ROM_NO                                   0x1fffe004   Data           8  onewire.o(.data)
    address_skip                             0x1fffe00c   Data           1  ds18b20.o(.data)
    resolution_skip                          0x1fffe00d   Data           1  ds18b20.o(.data)
    device_number                            0x1fffe00e   Data           1  ds18b20.o(.data)
    TimingDelay                              0x1fffe010   Data           4  delay.o(.data)
    address                                  0x1fffe014   Data          96  ds18b20.o(.bss)
    resolution                               0x1fffe074   Data          12  ds18b20.o(.bss)
    __libspace_start                         0x1fffe080   Data          96  libspace.o(.bss)
    __temporary_stack_top$libspace           0x1fffe0e0   Data           0  libspace.o(.bss)



==============================================================================

Memory Map of the image

  Image Entry point : 0x00000165

  Load Region LR_1 (Base: 0x00000000, Size: 0x00001338, Max: 0xffffffff, ABSOLUTE)

    Execution Region ER_RO (Exec base: 0x00000000, Load base: 0x00000000, Size: 0x00001324, Max: 0xffffffff, ABSOLUTE)

    Exec Addr    Load Addr    Size         Type   Attr      Idx    E Section Name        Object

    0x00000000   0x00000000   0x000000c0   Data   RO          500    RESET               startup_mkl46z4.o
    0x000000c0   0x000000c0   0x00000008   Code   RO          548  * !!!main             c_p.l(__main.o)
    0x000000c8   0x000000c8   0x0000003c   Code   RO          722    !!!scatter          c_p.l(__scatter.o)
    0x00000104   0x00000104   0x0000001a   Code   RO          724    !!handler_copy      c_p.l(__scatter_copy.o)
    0x0000011e   0x0000011e   0x00000002   PAD
    0x00000120   0x00000120   0x0000001c   Code   RO          726    !!handler_zi        c_p.l(__scatter_zi.o)
    0x0000013c   0x0000013c   0x00000002   Code   RO          591    .ARM.Collect$$libinit$$00000000  c_p.l(libinit.o)
    0x0000013e   0x0000013e   0x00000000   Code   RO          605    .ARM.Collect$$libinit$$00000002  c_p.l(libinit2.o)
    0x0000013e   0x0000013e   0x00000000   Code   RO          607    .ARM.Collect$$libinit$$00000004  c_p.l(libinit2.o)
    0x0000013e   0x0000013e   0x00000000   Code   RO          610    .ARM.Collect$$libinit$$0000000A  c_p.l(libinit2.o)
    0x0000013e   0x0000013e   0x00000000   Code   RO          612    .ARM.Collect$$libinit$$0000000C  c_p.l(libinit2.o)
    0x0000013e   0x0000013e   0x00000000   Code   RO          614    .ARM.Collect$$libinit$$0000000E  c_p.l(libinit2.o)
    0x0000013e   0x0000013e   0x00000000   Code   RO          617    .ARM.Collect$$libinit$$00000011  c_p.l(libinit2.o)
    0x0000013e   0x0000013e   0x00000000   Code   RO          619    .ARM.Collect$$libinit$$00000013  c_p.l(libinit2.o)
    0x0000013e   0x0000013e   0x00000000   Code   RO          621    .ARM.Collect$$libinit$$00000015  c_p.l(libinit2.o)
    0x0000013e   0x0000013e   0x00000000   Code   RO          623    .ARM.Collect$$libinit$$00000017  c_p.l(libinit2.o)
    0x0000013e   0x0000013e   0x00000000   Code   RO          625    .ARM.Collect$$libinit$$00000019  c_p.l(libinit2.o)
    0x0000013e   0x0000013e   0x00000000   Code   RO          627    .ARM.Collect$$libinit$$0000001B  c_p.l(libinit2.o)
    0x0000013e   0x0000013e   0x00000000   Code   RO          629    .ARM.Collect$$libinit$$0000001D  c_p.l(libinit2.o)
    0x0000013e   0x0000013e   0x00000000   Code   RO          631    .ARM.Collect$$libinit$$0000001F  c_p.l(libinit2.o)
    0x0000013e   0x0000013e   0x00000000   Code   RO          633    .ARM.Collect$$libinit$$00000021  c_p.l(libinit2.o)
    0x0000013e   0x0000013e   0x00000000   Code   RO          635    .ARM.Collect$$libinit$$00000023  c_p.l(libinit2.o)
    0x0000013e   0x0000013e   0x00000000   Code   RO          637    .ARM.Collect$$libinit$$00000025  c_p.l(libinit2.o)
    0x0000013e   0x0000013e   0x00000000   Code   RO          641    .ARM.Collect$$libinit$$0000002C  c_p.l(libinit2.o)
    0x0000013e   0x0000013e   0x00000000   Code   RO          643    .ARM.Collect$$libinit$$0000002E  c_p.l(libinit2.o)
    0x0000013e   0x0000013e   0x00000000   Code   RO          645    .ARM.Collect$$libinit$$00000030  c_p.l(libinit2.o)
    0x0000013e   0x0000013e   0x00000000   Code   RO          647    .ARM.Collect$$libinit$$00000032  c_p.l(libinit2.o)
    0x0000013e   0x0000013e   0x00000002   Code   RO          648    .ARM.Collect$$libinit$$00000033  c_p.l(libinit2.o)
    0x00000140   0x00000140   0x00000002   Code   RO          679    .ARM.Collect$$libshutdown$$00000000  c_p.l(libshutdown.o)
    0x00000142   0x00000142   0x00000000   Code   RO          705    .ARM.Collect$$libshutdown$$00000002  c_p.l(libshutdown2.o)
    0x00000142   0x00000142   0x00000000   Code   RO          707    .ARM.Collect$$libshutdown$$00000004  c_p.l(libshutdown2.o)
    0x00000142   0x00000142   0x00000000   Code   RO          710    .ARM.Collect$$libshutdown$$00000007  c_p.l(libshutdown2.o)
    0x00000142   0x00000142   0x00000000   Code   RO          713    .ARM.Collect$$libshutdown$$0000000A  c_p.l(libshutdown2.o)
    0x00000142   0x00000142   0x00000000   Code   RO          715    .ARM.Collect$$libshutdown$$0000000C  c_p.l(libshutdown2.o)
    0x00000142   0x00000142   0x00000000   Code   RO          718    .ARM.Collect$$libshutdown$$0000000F  c_p.l(libshutdown2.o)
    0x00000142   0x00000142   0x00000002   Code   RO          719    .ARM.Collect$$libshutdown$$00000010  c_p.l(libshutdown2.o)
    0x00000144   0x00000144   0x00000000   Code   RO          554    .ARM.Collect$$rtentry$$00000000  c_p.l(__rtentry.o)
    0x00000144   0x00000144   0x00000000   Code   RO          561    .ARM.Collect$$rtentry$$00000002  c_p.l(__rtentry2.o)
    0x00000144   0x00000144   0x00000006   Code   RO          573    .ARM.Collect$$rtentry$$00000004  c_p.l(__rtentry4.o)
    0x0000014a   0x0000014a   0x00000000   Code   RO          563    .ARM.Collect$$rtentry$$00000009  c_p.l(__rtentry2.o)
    0x0000014a   0x0000014a   0x00000004   Code   RO          564    .ARM.Collect$$rtentry$$0000000A  c_p.l(__rtentry2.o)
    0x0000014e   0x0000014e   0x00000000   Code   RO          566    .ARM.Collect$$rtentry$$0000000C  c_p.l(__rtentry2.o)
    0x0000014e   0x0000014e   0x00000008   Code   RO          567    .ARM.Collect$$rtentry$$0000000D  c_p.l(__rtentry2.o)
    0x00000156   0x00000156   0x00000002   Code   RO          596    .ARM.Collect$$rtexit$$00000000  c_p.l(rtexit.o)
    0x00000158   0x00000158   0x00000000   Code   RO          652    .ARM.Collect$$rtexit$$00000002  c_p.l(rtexit2.o)
    0x00000158   0x00000158   0x00000004   Code   RO          653    .ARM.Collect$$rtexit$$00000003  c_p.l(rtexit2.o)
    0x0000015c   0x0000015c   0x00000006   Code   RO          654    .ARM.Collect$$rtexit$$00000004  c_p.l(rtexit2.o)
    0x00000162   0x00000162   0x00000002   PAD
    0x00000164   0x00000164   0x00000034   Code   RO          502  * .text               startup_mkl46z4.o
    0x00000198   0x00000198   0x0000015a   Code   RO          542    .text               c_p.l(aeabi_sdiv.o)
    0x000002f2   0x000002f2   0x00000006   Code   RO          546    .text               c_p.l(heapauxi.o)
    0x000002f8   0x000002f8   0x0000003e   Code   RO          577    .text               c_p.l(sys_stackheap_outer.o)
    0x00000336   0x00000336   0x00000010   Code   RO          580    .text               c_p.l(exit.o)
    0x00000346   0x00000346   0x00000002   PAD
    0x00000348   0x00000348   0x00000008   Code   RO          592    .text               c_p.l(libspace.o)
    0x00000350   0x00000350   0x0000000c   Code   RO          649    .text               c_p.l(sys_exit.o)
    0x0000035c   0x0000035c   0x00000002   Code   RO          668    .text               c_p.l(use_no_semi.o)
    0x0000035e   0x0000035e   0x00000000   Code   RO          670    .text               c_p.l(indicate_semi.o)
    0x0000035e   0x0000035e   0x00000002   PAD
    0x00000360   0x00000360   0x00000058   Code   RO          171    i.PORTC_PORTD_IRQHandler  buttons.o
    0x000003b8   0x000003b8   0x00000018   Code   RO          419    i.SysTick_Handler   delay.o
    0x000003d0   0x000003d0   0x0000001c   Code   RO          164    i.__ARM_common_switch8  slcd.o
    0x000003ec   0x000003ec   0x0000000c   Code   RO          174    i.buttons_ReturnActiveDevice  buttons.o
    0x000003f8   0x000003f8   0x00000008   Data   RO           79    .constdata          leds.o
    0x00000400   0x00000400   0x00000010   Code   RO          501    .ARM.__at_0x400     startup_mkl46z4.o
    0x00000410   0x00000410   0x000000d0   Code   RO          511    i.SystemInit        system_mkl46z4.o
    0x000004e0   0x000004e0   0x00000078   Code   RO          172    i.__NVIC_SetPriority  buttons.o
    0x00000558   0x00000558   0x00000078   Code   RO          420    i.__NVIC_SetPriority  delay.o
    0x000005d0   0x000005d0   0x000000a8   Code   RO          173    i.buttons_Initialize  buttons.o
    0x00000678   0x00000678   0x0000002c   Code   RO          175    i.buttons_Service   buttons.o
    0x000006a4   0x000006a4   0x00000034   Code   RO          421    i.delay_initialize  delay.o
    0x000006d8   0x000006d8   0x0000001c   Code   RO          422    i.delay_ms          delay.o
    0x000006f4   0x000006f4   0x00000014   Code   RO          423    i.delay_us          delay.o
    0x00000708   0x00000708   0x00000028   Code   RO          335    i.ds_GetConvTime    ds18b20.o
    0x00000730   0x00000730   0x00000018   Code   RO          336    i.ds_Initialize     ds18b20.o
    0x00000748   0x00000748   0x0000003c   Code   RO          337    i.ds_ReadTempMatch  ds18b20.o
    0x00000784   0x00000784   0x0000003c   Code   RO          339    i.ds_RequestTempMatch  ds18b20.o
    0x000007c0   0x000007c0   0x00000010   Code   RO          341    i.ds_ReturnCellAddress  ds18b20.o
    0x000007d0   0x000007d0   0x0000000c   Code   RO          342    i.ds_ReturnDeviceNumber  ds18b20.o
    0x000007dc   0x000007dc   0x00000054   Code   RO          343    i.ds_SetResMatch    ds18b20.o
    0x00000830   0x00000830   0x00000020   Code   RO            3    i.initialize        main.o
    0x00000850   0x00000850   0x0000004c   Code   RO           77    i.leds_ActiveDevice  leds.o
    0x0000089c   0x0000089c   0x00000060   Code   RO           78    i.leds_Initialize   leds.o
    0x000008fc   0x000008fc   0x00000040   Code   RO            4    i.main              main.o
    0x0000093c   0x0000093c   0x00000020   Code   RO          221    i.ow_AllSearch      onewire.o
    0x0000095c   0x0000095c   0x00000024   Code   RO          222    i.ow_Initialize     onewire.o
    0x00000980   0x00000980   0x0000001e   Code   RO          223    i.ow_MatchROM       onewire.o
    0x0000099e   0x0000099e   0x0000002c   Code   RO          224    i.ow_ReadBit        onewire.o
    0x000009ca   0x000009ca   0x00000022   Code   RO          225    i.ow_ReadByte       onewire.o
    0x000009ec   0x000009ec   0x0000002e   Code   RO          227    i.ow_Reset          onewire.o
    0x00000a1a   0x00000a1a   0x00000002   PAD
    0x00000a1c   0x00000a1c   0x0000001c   Code   RO          228    i.ow_ResetSearch    onewire.o
    0x00000a38   0x00000a38   0x000000f8   Code   RO          229    i.ow_Search         onewire.o
    0x00000b30   0x00000b30   0x00000040   Code   RO          230    i.ow_WriteBit       onewire.o
    0x00000b70   0x00000b70   0x0000001e   Code   RO          231    i.ow_WriteByte      onewire.o
    0x00000b8e   0x00000b8e   0x00000002   PAD
    0x00000b90   0x00000b90   0x00000010   Code   RO          232    i.ow_high           onewire.o
    0x00000ba0   0x00000ba0   0x00000024   Code   RO          233    i.ow_input          onewire.o
    0x00000bc4   0x00000bc4   0x00000010   Code   RO          234    i.ow_low            onewire.o
    0x00000bd4   0x00000bd4   0x00000014   Code   RO          235    i.ow_output         onewire.o
    0x00000be8   0x00000be8   0x0000001c   Code   RO          236    i.ow_readPIN        onewire.o
    0x00000c04   0x00000c04   0x00000090   Code   RO          107    i.slcd_DS18B20      slcd.o
    0x00000c94   0x00000c94   0x00000054   Code   RO          109    i.slcd_Dots         slcd.o
    0x00000ce8   0x00000ce8   0x000001f0   Code   RO          110    i.slcd_Err          slcd.o
    0x00000ed8   0x00000ed8   0x000000c8   Code   RO          111    i.slcd_Initialize   slcd.o
    0x00000fa0   0x00000fa0   0x00000254   Code   RO          112    i.slcd_Set          slcd.o
    0x000011f4   0x000011f4   0x0000003a   Code   RO          468    i.uart_DS           uart.o
    0x0000122e   0x0000122e   0x00000002   PAD
    0x00001230   0x00001230   0x000000ac   Code   RO          469    i.uart_Initialize   uart.o
    0x000012dc   0x000012dc   0x00000020   Code   RO          470    i.uart_Send         uart.o
    0x000012fc   0x000012fc   0x00000008   Data   RO          113    .constdata          slcd.o
    0x00001304   0x00001304   0x00000020   Data   RO          720    Region$$Table       anon$$obj.o


    Execution Region ER_RW (Exec base: 0x1fffe000, Load base: 0x00001324, Size: 0x00000014, Max: 0xffffffff, ABSOLUTE)

    Exec Addr    Load Addr    Size         Type   Attr      Idx    E Section Name        Object

    0x1fffe000   0x00001324   0x00000001   Data   RW          177    .data               buttons.o
    0x1fffe001   0x00001325   0x0000000b   Data   RW          237    .data               onewire.o
    0x1fffe00c   0x00001330   0x00000003   Data   RW          347    .data               ds18b20.o
    0x1fffe00f   0x00001333   0x00000001   PAD
    0x1fffe010   0x00001334   0x00000004   Data   RW          424    .data               delay.o


    Execution Region ER_ZI (Exec base: 0x1fffe014, Load base: 0x00001338, Size: 0x000001cc, Max: 0xffffffff, ABSOLUTE)

    Exec Addr    Load Addr    Size         Type   Attr      Idx    E Section Name        Object

    0x1fffe014        -       0x0000006c   Zero   RW          345    .bss                ds18b20.o
    0x1fffe080        -       0x00000060   Zero   RW          593    .bss                c_p.l(libspace.o)
    0x1fffe0e0        -       0x00000000   Zero   RW          499    HEAP                startup_mkl46z4.o
    0x1fffe0e0        -       0x00000100   Zero   RW          498    STACK               startup_mkl46z4.o


==============================================================================

Image component sizes


      Code (inc. data)   RO Data    RW Data    ZI Data      Debug   Object Name

       432         54          0          1          0      10616   buttons.o
       244         34          0          4          0      10413   delay.o
       296         54          0          3        108       4246   ds18b20.o
       172         28          8          0          0       1038   leds.o
        96          0          0          0          0     142980   main.o
       708         64          0         11          0       7774   onewire.o
      1548         96          8          0          0       3147   slcd.o
        68         38        192          0        256        868   startup_mkl46z4.o
       208         28          0          0          0        533   system_mkl46z4.o
       262         18          0          0          0       1344   uart.o

    ----------------------------------------------------------------------
      4040        414        240         20        364     182959   Object Totals
         0          0         32          0          0          0   (incl. Generated)
         6          0          0          1          0          0   (incl. Padding)

    ----------------------------------------------------------------------

      Code (inc. data)   RO Data    RW Data    ZI Data      Debug   Library Member Name

         8          0          0          0          0         68   __main.o
         0          0          0          0          0          0   __rtentry.o
        12          0          0          0          0          0   __rtentry2.o
         6          0          0          0          0          0   __rtentry4.o
        60          8          0          0          0          0   __scatter.o
        26          0          0          0          0          0   __scatter_copy.o
        28          0          0          0          0          0   __scatter_zi.o
       346          0          0          0          0         92   aeabi_sdiv.o
        16          0          0          0          0         68   exit.o
         6          0          0          0          0        136   heapauxi.o
         0          0          0          0          0          0   indicate_semi.o
         2          0          0          0          0          0   libinit.o
         2          0          0          0          0          0   libinit2.o
         2          0          0          0          0          0   libshutdown.o
         2          0          0          0          0          0   libshutdown2.o
         8          4          0          0         96         68   libspace.o
         2          0          0          0          0          0   rtexit.o
        10          0          0          0          0          0   rtexit2.o
        12          4          0          0          0         60   sys_exit.o
        62          0          0          0          0         80   sys_stackheap_outer.o
         2          0          0          0          0         68   use_no_semi.o

    ----------------------------------------------------------------------
       620         16          0          0         96        640   Library Totals
         8          0          0          0          0          0   (incl. Padding)

    ----------------------------------------------------------------------

      Code (inc. data)   RO Data    RW Data    ZI Data      Debug   Library Name

       612         16          0          0         96        640   c_p.l

    ----------------------------------------------------------------------
       620         16          0          0         96        640   Library Totals

    ----------------------------------------------------------------------

==============================================================================


      Code (inc. data)   RO Data    RW Data    ZI Data      Debug   

      4660        430        240         20        460     181563   Grand Totals
      4660        430        240         20        460     181563   ELF Image Totals
      4660        430        240         20          0          0   ROM Totals

==============================================================================

    Total RO  Size (Code + RO Data)                 4900 (   4.79kB)
    Total RW  Size (RW Data + ZI Data)               480 (   0.47kB)
    Total ROM Size (Code + RO Data + RW Data)       4920 (   4.80kB)

==============================================================================

